webserv: unexpected end of file, expecting "}" in ./conf/context_server_no_end_brace.conf:9
