webserv: duplicate location "/" in ./conf/context_location_duplicate.conf:12
