webserv: invalid number of arguments in "location" directive in ./conf/context_location_many_path.conf:5
