webserv: unexpected "a" in ./conf/context_server_unexpected_open.conf:1
