webserv: unknown directive "unknown_directive" in ./conf/context_unknown_directive.conf:5
