webserv: invalid number of arguments in "listen" directive in ./conf/directive_semicolon_unexpected.conf:3
