webserv: duplicate "server_name" value. This value is already set.
