webserv: duplicate "listen" directive in ./conf/duplicate_listen.conf:3
