webserv: duplicate "index:index.html" value. This value is already set. in ./conf/duplicate_value_index.conf:3
