webserv: duplicate "client_max_body_size" directive in ./conf/duplicate_client_max_body_size.conf:3
