webserv: duplicate "error_page:404" value. This value is already set. in ./conf/duplicate_state_error_page.conf:5
