webserv: duplicate "alias" directive in ./conf/duplicate_alias.conf:4
