webserv: duplicate "upload_path" directive in ./conf/duplicate_upload_path.conf:3
