webserv: duplicate "allow_method:GET" value. This value is already set. in ./conf/duplicate_value_allow_method.conf:3
