webserv: duplicate "autoindex" directive in ./conf/duplicate_autoindex.conf:3
