webserv: duplicate "server_name" directive in ./conf/duplicate_server_name.conf:3
