webserv: duplicate "return" directive in ./conf/duplicate_return.conf:4
