webserv: invalid value in "listen" directive in ./conf/invalid_value_listen.conf:2
