webserv: invalid value in "server_name" directive
