webserv: invalid value in "client_max_body_size" directive in ./conf/invalid_value_client_max_body_size.conf:2
