webserv: invalid number of arguments in "upload_path" directive in ./conf/invalid_num_of_args_upload_path.conf:2
