webserv: invalid value in "cgi_extension" directive in ./conf/invalid_value_cgi_extension.conf:3
