webserv: invalid value in "allow_method" directive in ./conf/invalid_value_allow_method.conf:2
