webserv: invalid value in "return" directive in ./conf/invalid_value_return.conf:2
