webserv: invalid value in "error_page" directive in ./conf/invalid_value_error_page.conf:3
