webserv: invalid number of arguments in "listen" directive in ./conf/invalid_num_of_args_listen.conf:2
