webserv: invalid value in "autoindex" directive in ./conf/invalid_value_autoindex.conf:3
