webserv: invalid number of arguments in "client_max_body_size" directive in ./conf/invalid_num_of_args_client_max_body_size.conf:2
