webserv: invalid number of arguments in "autoindex" directive in ./conf/invalid_num_of_args_autoindex.conf:3
