webserv: directive "alias" has no end ";" in ./conf/semicolon_autoindex_no_end.conf:6
