webserv: directive "client_max_body_size" has no end ";" in ./conf/semicolon_client_max_body_size_no_end.conf:1
