webserv: directive "listen" has no end ";" in ./conf/semicolon_listen_no_end.conf:3
