webserv: directive "alias" has no end ";" in ./conf/semicolon_alias_no_end.conf:6
