webserv: directive "upload_path" has no end ";" in ./conf/semicolon_upload_path_no_end.conf:5
